
Update available: 2.6.2 → 2.6.5 (latest). Restart to auto-update.
model: CLAUDE_V5_FABLE_THINKING | cwd: /home/hermes-2/workspace/projects/github/mverab/eGEOagents | conversation: 395d33ca5
title: E-GEO Landing Designs
  ● bash(command="cd /home/hermes-2/workspace/projects/github/mverab/eGEOagen, timeout=120)
  ● file(path="/home/hermes-2/workspace/projects/github/mverab/eGEOagents/, command="overwrite")
  ● file(path="/home/hermes-2/workspace/projects/github/mverab/eGEOagents/, command="overwrite")
  ● file(path="/home/hermes-2/workspace/projects/github/mverab/eGEOagents/, command="overwrite")
  ● bash(command="cd /home/hermes-2/workspace/projects/github/mverab/eGEOagen, timeout=120)
Now writing the three variants.Writing File<!DOCTYPE html>
<html lang="en">
<head>
<meta charset="UTF-8">
<meta name="viewport" content="width=device-width, initial-scale=1.0">
<title>E-GEO — Editorial Light</title>
<link rel="preconnect" href="https://fonts.googleapis.com">
<link rel="preconnect" href="https://fonts.gstatic.com" crossorigin>
<link href="https://fonts.googleapis.com/css2?family=Fraunces:opsz,wght@9..144,300;9..144,400;9..144,500;9..144,600&family=Inter:wght@400;500;600&display=swap" rel="stylesheet">
<style>
  :root{
    --paper:#FAF7F2;
    --ink:#141310;
    --ink-soft:#4A463F;
    --rule:#D8D2C6;
    --accent:#1B4332; /* forest green */
    --accent-soft:#E4EDE7;
  }
  *{margin:0;padding:0;box-sizing:border-box;}
  html{font-size:16px;}
  body{
    background:var(--paper);
    color:var(--ink);
    font-family:'Inter',system-ui,sans-serif;
    -webkit-font-smoothing:antialiased;
    line-height:1.5;
  }
  .serif{font-family:'Fraunces',Georgia,serif;}
  .wrap{max-width:1280px;margin:0 auto;padding:0 48px;}

 UI File Preview CreatedWriting File<!DOCTYPE html>
<html lang="en">
<head>
<meta charset="UTF-8">
<meta name="viewport" content="width=device-width, initial-scale=1.0">
<title>E-GEO — Blueprint</title>
<link rel="preconnect" href="https://fonts.googleapis.com">
<link rel="preconnect" href="https://fonts.gstatic.com" crossorigin>
<link href="https://fonts.googleapis.com/css2?family=Archivo:wght@400;500;600;700&family=Spectral:ital,wght@0,400;1,400&display=swap" rel="stylesheet">
<style>
  :root{
    --bp:#0F3D91;        /* blueprint blue */
    --bp-deep:#0A2C6B;
    --line:#B9CBEF;      /* pale drafting line */
    --field:#F4F7FD;     /* pale blue-white sheet */
    --white:#FFFFFF;
    --ink:#10254A;
  }
  *{margin:0;padding:0;box-sizing:border-box;}
  body{
    font-family:'Archivo',system-ui,sans-serif;
    background:var(--field);
    color:var(--ink);
    line-height:1.5;
    background-image:
      linear-gradient(var(--line) 1px,transparent 1px),
      linear-gradient(90deg,var(--line) 1px,transparent 1px),
    UI File Preview CreatedWriting File<!DOCTYPE html>
<html lang="en">
<head>
<meta charset="UTF-8">
<meta name="viewport" content="width=device-width, initial-scale=1.0">
<title>E-GEO — Swiss</title>
<link rel="preconnect" href="https://fonts.googleapis.com">
<link rel="preconnect" href="https://fonts.gstatic.com" crossorigin>
<link href="https://fonts.googleapis.com/css2?family=Archivo:ital,wght@0,500;0,600;0,800;1,500&display=swap" rel="stylesheet">
<style>
  :root{
    --white:#FFFFFF;
    --black:#000000;
    --grey:#6B6B6B;
    --hair:#000000;
    --flu:#D4FF00; /* fluorescent chartreuse, used once */
  }
  *{margin:0;padding:0;box-sizing:border-box;}
  body{
    background:var(--white);
    color:var(--black);
    font-family:'Archivo','Helvetica Neue',Helvetica,Arial,sans-serif;
    line-height:1.4;
  }
  a{color:inherit;}
  .grid{
    border-top:2px solid var(--hair);
  }
  .row{border-bottom:2px solid var(--hair);}
  .cells{display:grid;grid-template-columns:repeat(12,1fr);max-width:1440px;margin:0 auto;}

  /* hUI File Preview Created
Credits used: 1378.61

To resume Session:
abacusai -p --resume 395d33ca5
