
Update available: 2.6.2 → 2.6.5 (latest). Restart to auto-update.
model: CLAUDE_V5_FABLE_THINKING | cwd: /home/hermes-2/workspace/projects/github/mverab/eGEOagents | conversation: 65b514126
title: Scroll Reveal and Rail
  ● bash(command="cd /home/hermes-2/workspace/projects/github/mverab/eGEOagen, timeout=120)
  ● file(path="/home/hermes-2/workspace/projects/github/mverab/eGEOagents/, command="view_raw")
  ● file(path="/home/hermes-2/workspace/projects/github/mverab/eGEOagents/, command="view_raw")
  ● file(path="/home/hermes-2/workspace/projects/github/mverab/eGEOagents/, command="view_raw")
  ● file(path="/home/hermes-2/workspace/projects/github/mverab/eGEOagents/, command="view")
  ● file(path="/home/hermes-2/workspace/projects/github/mverab/eGEOagents/, command="str_replace")
  ● file(path="/home/hermes-2/workspace/projects/github/mverab/eGEOagents/, command="view")
  ● file(path="/home/hermes-2/workspace/projects/github/mverab/eGEOagents/, command="view")
  ● file(path="/home/hermes-2/workspace/projects/github/mverab/eGEOagents/, command="str_replace")
  ● file(path="/home/hermes-2/workspace/projects/github/mverab/eGEOagents/, command="view")
  ● file(path="/home/hermes-2/workspace/projects/github/mverab/eGEOagents/, command="view")
  ● file(path="/home/hermes-2/workspace/projects/github/mverab/eGEOagents/, command="str_replace")
  ● file(path="/home/hermes-2/workspace/projects/github/mverab/eGEOagents/, command="view")
  ● file(path="/home/hermes-2/workspace/projects/github/mverab/eGEOagents/, command="view")
  ● file(path="/home/hermes-2/workspace/projects/github/mverab/eGEOagents/, command="str_replace")
  ● file(path="/home/hermes-2/workspace/projects/github/mverab/eGEOagents/, command="view")
  ● file(path="/home/hermes-2/workspace/projects/github/mverab/eGEOagents/, command="view")
  ● file(path="/home/hermes-2/workspace/projects/github/mverab/eGEOagents/, command="str_replace")
  ● file(path="/home/hermes-2/workspace/projects/github/mverab/eGEOagents/, command="view")
  ● file(path="/home/hermes-2/workspace/projects/github/mverab/eGEOagents/, command="view")
  ● file(path="/home/hermes-2/workspace/projects/github/mverab/eGEOagents/, command="str_replace")
  ● file(path="/home/hermes-2/workspace/projects/github/mverab/eGEOagents/, command="view")
  ● bash(command="export NEXT_DIST_DIR=.build && export __NEXT_TEST_MODE=1 &&, timeout=180)
  ● bash(command="cd /home/hermes-2/workspace/projects/github/mverab/eGEOagen, timeout=120)
  ● bash(command="which chromium chromium-browser google-chrome chrome 2>/dev, timeout=120)
  ● bash(command="export NEXT_DIST_DIR=.next && export __NEXT_TEST_MODE=1 && , timeout=180)
  ● bash(command="cd /home/hermes-2/workspace/projects/github/mverab/eGEOagen, timeout=120)
  ● file(path="/tmp/geo-polish-check.mjs", command="overwrite")
  ● bash(command="ls /home/ubuntu/.abacus.donotdelete", isolated=true)
  ● bash(command="cat /home/ubuntu/.abacus.donotdelete", isolated=true)
  ● bash(command="grep -anE '<<<<<<< (HEAD|Updated upstream)' /home/ubuntu/.a, isolated=true)
  ● bash(command="cd /tmp/slashstack-qa && node /tmp/geo-polish-check.mjs 2>&, timeout=120)
  ● bash(command="ls /home/ubuntu/.abacus.donotdelete", isolated=true)
  ● bash(command="cat /home/ubuntu/.abacus.donotdelete", isolated=true)
  ● bash(command="grep -anE '<<<<<<< (HEAD|Updated upstream)' /home/ubuntu/.a, isolated=true)
  ● bash(command="cp /tmp/geo-polish-check.mjs /tmp/slashstack-qa/geo-polish-, timeout=120)
  ● bash(command="pkill -f \"http.server 4173\"; rm /tmp/slashstack-qa/geo-po, timeout=120)
Now replace the old row-reveal JS:Now update `verify.sh`:All browser checks pass. Cleaning up and committing:
Credits used: 2565.82

To resume Session:
abacusai -p --resume 65b514126
