
Update available: 2.6.2 → 2.6.5 (latest). Restart to auto-update.
model: CLAUDE_V5_FABLE_THINKING | cwd: /home/hermes-2/workspace/projects/github/mverab/eGEOagents | conversation: 395d33ca5
  ● bash(command="cd /home/hermes-2/workspace/projects/github/mverab/eGEOagen, timeout=120)
  ● bash(command="cd /home/hermes-2/workspace/projects/github/mverab/eGEOagen, timeout=120)
  ● bash(command="cd /home/hermes-2/workspace/projects/github/mverab/eGEOagen, timeout=120)
  ● bash(command="cd /home/hermes-2/workspace/projects/github/mverab/eGEOagen, timeout=120)
  ● file(path="/home/hermes-2/workspace/projects/github/mverab/eGEOagents/, command="overwrite")
  ● file(path="/home/hermes-2/workspace/projects/github/mverab/eGEOagents/, command="view")
  ● file(path="/home/hermes-2/workspace/projects/github/mverab/eGEOagents/, command="insert")
  ● file(path="/home/hermes-2/workspace/projects/github/mverab/eGEOagents/, command="view")
  ● file(path="/home/hermes-2/workspace/projects/github/mverab/eGEOagents/, command="view")
  ● file(path="/home/hermes-2/workspace/projects/github/mverab/eGEOagents/, command="str_replace")
  ● file(path="/home/hermes-2/workspace/projects/github/mverab/eGEOagents/, command="view")
  ● bash(command="export NEXT_DIST_DIR=.build && export __NEXT_TEST_MODE=1 &&, timeout=180)
  ● bash(command="cd /home/hermes-2/workspace/projects/github/mverab/eGEOagen, timeout=120)
  ● bash(command="cd /home/hermes-2/workspace/projects/github/mverab/eGEOagen, timeout=120)
  ● bash(command="cd /home/hermes-2/workspace/projects/github/mverab/eGEOagen, timeout=120)
  ● bash(command="curl -s 'https://fonts.googleapis.com/css2?family=Archivo:w, timeout=120)
  ● bash(command="curl -s 'https://fonts.googleapis.com/css2?family=Archivo:w, timeout=120)
  ● bash(command="grep '/\\* latin \\*/' -A5 /tmp/archivo.css | grep -o 'http, timeout=120)
  ● bash(command="grep -o 'https://fonts.gstatic.com[^)]*' /tmp/archivo.css |, timeout=120)
  ● bash(command="grep -o 'https://fonts.gstatic.com[^)]*' /tmp/archivo.css |, timeout=120)
  ● bash(command="cd /home/hermes-2/workspace/projects/github/mverab/eGEOagen, timeout=120)
  ● bash(command="cd /home/hermes-2/workspace/projects/github/mverab/eGEOagen, timeout=120)
Now building the landing page. First remove the splash and create the new page:Now extend verify.sh:All checks pass. Now the weight report and link sanity:
Credits used: 2898.83

To resume Session:
abacusai -p --resume 395d33ca5
