
Update available: 2.6.2 → 2.6.5 (latest). Restart to auto-update.
model: CLAUDE_V5_FABLE_THINKING | cwd: /home/hermes-2/workspace/projects/github/mverab/eGEOagents | conversation: 84d9975b3
title: Midpoint Hero Section Fix
  ● bash(command="cd /home/hermes-2/workspace/projects/github/mverab/eGEOagen, timeout=120)
  ● file(path="/home/hermes-2/workspace/projects/github/mverab/eGEOagents/, command="view_raw")
  ● file(path="/home/hermes-2/workspace/projects/github/mverab/eGEOagents/, command="view_raw")
  ● bash(command="cd /home/hermes-2/workspace/projects/github/mverab/eGEOagen, timeout=120)
  ● bash(command="cd /home/hermes-2/workspace/projects/github/mverab/eGEOagen, timeout=120)
  ● file(path="/home/hermes-2/workspace/projects/github/mverab/eGEOagents/, command="view")
  ● file(path="/home/hermes-2/workspace/projects/github/mverab/eGEOagents/, command="view")
  ● file(path="/home/hermes-2/workspace/projects/github/mverab/eGEOagents/, command="view")
  ● file(path="/home/hermes-2/workspace/projects/github/mverab/eGEOagents/, command="str_replace")
  ● file(path="/home/hermes-2/workspace/projects/github/mverab/eGEOagents/, command="str_replace")
  ● file(path="/home/hermes-2/workspace/projects/github/mverab/eGEOagents/, command="str_replace")
  ● file(path="/home/hermes-2/workspace/projects/github/mverab/eGEOagents/, command="view")
  ● file(path="/home/hermes-2/workspace/projects/github/mverab/eGEOagents/, command="view")
  ● file(path="/home/hermes-2/workspace/projects/github/mverab/eGEOagents/, command="view")
  ● bash(command="cd /home/hermes-2/workspace/projects/github/mverab/eGEOagen, timeout=120)
  ● file(path="/home/hermes-2/workspace/projects/github/mverab/eGEOagents/, command="view")
  ● file(path="/home/hermes-2/workspace/projects/github/mverab/eGEOagents/, command="str_replace")
  ● file(path="/home/hermes-2/workspace/projects/github/mverab/eGEOagents/, command="view")
  ● file(path="/home/hermes-2/workspace/projects/github/mverab/eGEOagents/, command="view")
  ● file(path="/home/hermes-2/workspace/projects/github/mverab/eGEOagents/, command="view")
  ● file(path="/home/hermes-2/workspace/projects/github/mverab/eGEOagents/, command="view")
  ● file(path="/home/hermes-2/workspace/projects/github/mverab/eGEOagents/, command="str_replace")
  ● file(path="/home/hermes-2/workspace/projects/github/mverab/eGEOagents/, command="str_replace")
  ● file(path="/home/hermes-2/workspace/projects/github/mverab/eGEOagents/, command="str_replace")
  ● file(path="/home/hermes-2/workspace/projects/github/mverab/eGEOagents/, command="view")
  ● file(path="/home/hermes-2/workspace/projects/github/mverab/eGEOagents/, command="view")
  ● file(path="/home/hermes-2/workspace/projects/github/mverab/eGEOagents/, command="view")
  ● file(path="/home/hermes-2/workspace/projects/github/mverab/eGEOagents/, command="view")
  ● file(path="/home/hermes-2/workspace/projects/github/mverab/eGEOagents/, command="str_replace")
  ● file(path="/home/hermes-2/workspace/projects/github/mverab/eGEOagents/, command="view")
  ● file(path="/home/hermes-2/workspace/projects/github/mverab/eGEOagents/, command="view")
  ● file(path="/home/hermes-2/workspace/projects/github/mverab/eGEOagents/, command="str_replace")
  ● file(path="/home/hermes-2/workspace/projects/github/mverab/eGEOagents/, command="view")
  ● bash(command="export NEXT_DIST_DIR=.build && export __NEXT_TEST_MODE=1 &&, timeout=180)
  ● bash(command="cd /home/hermes-2/workspace/projects/github/mverab/eGEOagen, timeout=120)
  ● file(path="/home/hermes-2/workspace/projects/github/mverab/eGEOagents/, command="overwrite")
  ● bash(command="cd /home/hermes-2/workspace/projects/github/mverab/eGEOagen, timeout=120)
  ● file(path="/home/hermes-2/workspace/projects/github/mverab/eGEOagents/, command="view")
  ● file(path="/home/hermes-2/workspace/projects/github/mverab/eGEOagents/, command="str_replace")
  ● file(path="/home/hermes-2/workspace/projects/github/mverab/eGEOagents/, command="view")
  ● file(path="/home/hermes-2/workspace/projects/github/mverab/eGEOagents/, command="view")
  ● file(path="/home/hermes-2/workspace/projects/github/mverab/eGEOagents/, command="str_replace")
  ● file(path="/home/hermes-2/workspace/projects/github/mverab/eGEOagents/, command="view")
  ● bash(command="export NEXT_DIST_DIR=.build && export __NEXT_TEST_MODE=1 &&, timeout=180)
  ● bash(command="cd /home/hermes-2/workspace/projects/github/mverab/eGEOagen, timeout=120)
  ● file(path="/home/hermes-2/workspace/projects/github/mverab/eGEOagents/, command="view")
  ● file(path="/home/hermes-2/workspace/projects/github/mverab/eGEOagents/, command="view")
  ● bash(command="export NEXT_DIST_DIR=.build && export __NEXT_TEST_MODE=1 &&, timeout=180)
  ● bash(command="cd /home/hermes-2/workspace/projects/github/mverab/eGEOagen, timeout=120)
Committed `ca31043` on `chore/design-variants` (not merged, not deployed). Only `site/src/pages/index.astro` CSS changed — the citation-field SVG structure and rAF loop from 3961a78, all copy, CTAs, structured data, and sections are untouched (`verify.sh: all checks passed`, including the rAF/visibilitychange/reduced-motion and no-terminal assertions).

**Changes**
- `.hero` row: `min-height: clamp(720px, calc(100svh - 72px), 860px)`, flex column so `.hero-split` grows; left column vertically centered.
- `h1`: `clamp(3rem, 5.5vw, 7rem)` (was the tiny `3.7vw/3.6rem` cap), `line-height 0.95`, `max-width 18ch`, constrained to the 7/12 column.
- `#citation-field`: flexes to `min-height 340px / max-height 440px` inside the 5/12 figure; SVG label text 13px→16px viewBox units for legibility. IntersectionObserver reveal still excludes the hero row (`:not(:first-of-type)`), so the visual is visible immediately.
- Mobile: hero `min-height: 0` (natural stack), h1 `clamp(2.4rem, 10.5vw, 3.6rem)`, SVG 240–320px tall, and removed the old ≤480px `flex: 1 1 auto` that stretched CTA buttons into full-width bands.

**Playwright measurements (Chromium, built site via `astro preview`)**

1440×900:
- Hero: 1440×828 starting at y=62 → bottom at 890; next section begins at the fold. 828 / 838px of post-header viewport ≈ 92%.
- Citation SVG box: 550×440 (53% of hero height); figure column 600×780. Caveat: the SVG letterboxes its 960:420 viewBox, so the drawn graph renders ~550×240 centered in that box.
- H1: 79.2px computed (5.5vw), 792×301. Honest note: it wraps to **4 lines**, not 3 — at this copy length, 3 lines would require dropping below the 5.5vw floor you specified, so I kept the scale.
- CTA group: 522px wide vs 1440 viewport (36%) — not full-width; primary button 176×48.
- Motion sampled at t=0 / 2.5s / 5s: `cite-route` dashoffset −71 → −299 → −524, token-1 translate (144,60) → (240,105) → (297,186), flow offsets cycling — animation running.

390×844:
- No horizontal overflow: `scrollWidth` 390 == viewport 390.
- H1 40.95px, 358×233 (~28% of viewport height); CTA buttons content-width (176px / 189px), stacked; stats follow; citation field 358×240 immediately after.
- Motion equally verified over 5s.

Screenshots captured at both viewports (`site/.abacus-runs/shot-1440x900.png`, `shot-390x844.png`, untracked) and reviewed: white/black 2px grid, chartreuse only on "ASKING." and the cite route/node, big headline left, graph right with caption below the rule.
Credits used: 2745.63

To resume Session:
abacusai -p --resume 84d9975b3
