model: CLAUDE_V5_FABLE_THINKING | cwd: /home/hermes-2/workspace/projects/github/mverab/eGEOagents | conversation: g1mw4wbtq87w
title: E-GEO Docs Site Review
  ● bash(command="cd /home/hermes-2/workspace/projects/github/mverab/eGEOagen, timeout=120)
  ● bash(command="cd /home/hermes-2/workspace/projects/github/mverab/eGEOagen, timeout=120)
  ● bash(command="cd /home/hermes-2/workspace/projects/github/mverab/eGEOagen, timeout=120)
  ● file(path="/home/hermes-2/workspace/projects/github/mverab/eGEOagents/, command="view_raw")
  ● bash(command="cd /home/hermes-2/workspace/projects/github/mverab/eGEOagen, timeout=120)
  ● bash(command="cd /home/hermes-2/workspace/projects/github/mverab/eGEOagen, timeout=120)
  ● bash(command="cd /home/hermes-2/workspace/projects/github/mverab/eGEOagen, timeout=120)
  ● file(path="/home/hermes-2/workspace/projects/github/mverab/eGEOagents/, command="view_raw")
  ● bash(command="cd /home/hermes-2/workspace/projects/github/mverab/eGEOagen, timeout=120)
  ● file(path="/home/hermes-2/workspace/projects/github/mverab/eGEOagents/, command="view_raw")
  ● bash(command="cd /home/hermes-2/workspace/projects/github/mverab/eGEOagen, timeout=120)
  ● bash(command="cd \"\"\"/home/hermes-2/workspace/projects/github/mverab/eG, isolated=true)
  ● bash(command="export NEXT_DIST_DIR=.build && export __NEXT_TEST_MODE=1 &&, timeout=180)
  ● bash(command="cd /home/hermes-2/workspace/projects/github/mverab/eGEOagen, timeout=120)
  ● file(path="/home/hermes-2/workspace/projects/github/mverab/eGEOagents/, command="view_raw")
  ● bash(command="cd /home/hermes-2/workspace/projects/github/mverab/eGEOagen, timeout=120)
  ● file(path="/home/hermes-2/workspace/projects/github/mverab/eGEOagents/, command="view_raw")
  ● bash(command="cd /home/hermes-2/workspace/projects/github/mverab/eGEOagen, timeout=120)
  ● file(path="/home/hermes-2/workspace/projects/github/mverab/eGEOagents/, command="view_raw")
  ● file(path="/home/hermes-2/workspace/projects/github/mverab/eGEOagents/, command="view_raw")
  ● file(path="/home/hermes-2/workspace/projects/github/mverab/eGEOagents/, command="view_raw")
  ● bash(command="cd /home/hermes-2/workspace/projects/github/mverab/eGEOagen, timeout=120)
  ● bash(command="cd /home/hermes-2/workspace/projects/github/mverab/eGEOagen, timeout=120)
  ● bash(command="cd /home/hermes-2/workspace/projects/github/mverab/eGEOagen, timeout=120)
  ● bash(command="cd /home/hermes-2/workspace/projects/github/mverab/eGEOagen, timeout=120)
  ● file(path="/home/hermes-2/workspace/projects/github/mverab/eGEOagents/, command="view_raw")
  ● file(path="/home/hermes-2/workspace/projects/github/mverab/eGEOagents/, command="view_raw")
  ● bash(command="cd /home/hermes-2/workspace/projects/github/mverab/eGEOagen, timeout=120)
  ● bash(command="cd /home/hermes-2/workspace/projects/github/mverab/eGEOagen, timeout=120)
  ● file(path="/home/hermes-2/workspace/projects/github/mverab/eGEOagents/, command="view_raw")
  ● bash(command="cd /home/hermes-2/workspace/projects/github/mverab/eGEOagen, timeout=120)
  ● bash(command="cd /home/hermes-2/workspace/projects/github/mverab/eGEOagen, timeout=120)
  ● bash(command="cd /home/hermes-2/workspace/projects/github/mverab/eGEOagen, timeout=120)
  ● bash(command="cd /home/hermes-2/workspace/projects/github/mverab/eGEOagen, timeout=120)
  ● bash(command="ls /tmp/egeo-test/ && cd /home/hermes-2/workspace/projects/, timeout=120)
  ● bash(command="cd /home/hermes-2/workspace/projects/github/mverab/eGEOagen, timeout=120)
  ● bash(command="cd /home/hermes-2/workspace/projects/github/mverab/eGEOagen, timeout=120)
  ● bash(command="cd /home/hermes-2/workspace/projects/github/mverab/eGEOagen, timeout=120)
  ● bash(command="cd /home/hermes-2/workspace/projects/github/mverab/eGEOagen, timeout=120)
  ● bash(command="export NEXT_DIST_DIR=.next && export __NEXT_TEST_MODE=1 && , timeout=180)
  ● file(path="/home/hermes-2/workspace/projects/github/mverab/eGEOagents/, command="overwrite")
All checks executed. Writing the review file.Writing File# Pre-merge review — feat/starlight-site (E-GEO docs site)

Reviewer: independent, adversarial, read-only. Date: 2026-08-05. Branch: `feat/starlight-site` (2 commits vs `main`: d1eaccf, bc4f879). All commands re-run locally; nothing taken on trust.

## 1. Factual accuracy vs repo

- `pyproject.toml` `[project.scripts]`: `egeo = "egeo.cli:main"` — matches site's `pip install -e .` / `python -m egeo` instructions (README.md:253-257 says the same).
- `python -m egeo --help` (exit 0, `egeo 2.0.0`): subcommands `{optimize,evaluate,optimize-prompts,runtimes,loop}` — exactly the set documented in `site/src/content/docs/docs/cli.md`.
- Per-subcommand `--help` compared line-by-line against cli.md:
  - `optimize`: usage block, all flags (`--out-dir`, `--query`, `--schema-type {Organization,Product,Service,Article,FAQPage}`, `--runtime`, `--ranker-model`, `--rewriter-model`, `--temperature`, `--json`) and defaults (`geo-output`, `Article`, `python`) match real help output. **No invented flags.**
UI File Preview Created
Credits used: 3143.04

To resume Session:
abacusai -p --resume g1mw4wbtq87w
