
Update available: 2.6.2 → 2.6.5 (latest). Restart to auto-update.
model: CLAUDE_V5_FABLE_THINKING | cwd: /home/hermes-2/workspace/projects/github/mverab/eGEOagents | conversation: 109292331
title: Custom Terminal Landing
  ● bash(command="cd /home/hermes-2/workspace/projects/github/mverab/eGEOagen, timeout=120)
  ● file(path="/home/hermes-2/workspace/projects/github/mverab/eGEOagents/, command="view_raw")
  ● file(path="/home/hermes-2/workspace/projects/github/mverab/eGEOagents/, command="view_raw")
  ● file(path="/home/hermes-2/workspace/projects/github/mverab/eGEOagents/, command="view_raw")
  ● file(path="/home/hermes-2/workspace/projects/github/mverab/eGEOagents/, command="view_raw")
  ● bash(command="cd /home/hermes-2/workspace/projects/github/mverab/eGEOagen, timeout=120)
  ● bash(command="cd /home/hermes-2/workspace/projects/github/mverab/eGEOagen, timeout=120)
  ● file(path="/home/hermes-2/workspace/projects/github/mverab/eGEOagents/, command="view_raw")
  ● bash(command="cd /home/hermes-2/workspace/projects/github/mverab/eGEOagen, timeout=120)
  ● bash(command="cd /home/hermes-2/workspace/projects/github/mverab/eGEOagen, timeout=120)
  ● bash(command="cd /home/hermes-2/workspace/projects/github/mverab/eGEOagen, timeout=120)
  ● file(path="/home/hermes-2/workspace/projects/github/mverab/eGEOagents/, command="overwrite")
  ● file(path="/home/hermes-2/workspace/projects/github/mverab/eGEOagents/, command="view")
  ● file(path="/home/hermes-2/workspace/projects/github/mverab/eGEOagents/, command="str_replace")
  ● file(path="/home/hermes-2/workspace/projects/github/mverab/eGEOagents/, command="view")
  ● file(path="/home/hermes-2/workspace/projects/github/mverab/eGEOagents/, command="view")
  ● file(path="/home/hermes-2/workspace/projects/github/mverab/eGEOagents/, command="str_replace")
  ● file(path="/home/hermes-2/workspace/projects/github/mverab/eGEOagents/, command="view")
  ● file(path="/home/hermes-2/workspace/projects/github/mverab/eGEOagents/, command="view")
  ● file(path="/home/hermes-2/workspace/projects/github/mverab/eGEOagents/, command="str_replace")
  ● file(path="/home/hermes-2/workspace/projects/github/mverab/eGEOagents/, command="view")
  ● file(path="/home/hermes-2/workspace/projects/github/mverab/eGEOagents/, command="view")
  ● file(path="/home/hermes-2/workspace/projects/github/mverab/eGEOagents/, command="str_replace")
  ● file(path="/home/hermes-2/workspace/projects/github/mverab/eGEOagents/, command="view")
  ● file(path="/home/hermes-2/workspace/projects/github/mverab/eGEOagents/, command="view")
  ● file(path="/home/hermes-2/workspace/projects/github/mverab/eGEOagents/, command="str_replace")
  ● file(path="/home/hermes-2/workspace/projects/github/mverab/eGEOagents/, command="view")
  ● file(path="/home/hermes-2/workspace/projects/github/mverab/eGEOagents/, command="view")
  ● file(path="/home/hermes-2/workspace/projects/github/mverab/eGEOagents/, command="str_replace")
  ● file(path="/home/hermes-2/workspace/projects/github/mverab/eGEOagents/, command="view")
  ● file(path="/home/hermes-2/workspace/projects/github/mverab/eGEOagents/, command="view")
  ● file(path="/home/hermes-2/workspace/projects/github/mverab/eGEOagents/, command="str_replace")
  ● file(path="/home/hermes-2/workspace/projects/github/mverab/eGEOagents/, command="view")
  ● bash(command="export NEXT_DIST_DIR=.build && export __NEXT_TEST_MODE=1 &&, timeout=180)
  ● bash(command="cd /home/hermes-2/workspace/projects/github/mverab/eGEOagen, timeout=120)
  ● bash(command="cd /home/hermes-2/workspace/projects/github/mverab/eGEOagen, timeout=120)
  ● bash(command="cd /home/hermes-2/workspace/projects/github/mverab/eGEOagen, timeout=120)
  ● bash(command="cd /home/hermes-2/workspace/projects/github/mverab/eGEOagen, timeout=120)
  ● bash(command="cd /home/hermes-2/workspace/projects/github/mverab/eGEOagen, timeout=120)
  ● bash(command="cd /home/hermes-2/workspace/projects/github/mverab/eGEOagen, timeout=120)
  ● bash(command="cd /home/hermes-2/workspace/projects/github/mverab/eGEOagen, timeout=120)
  ● bash(command="cd /home/hermes-2/workspace/projects/github/mverab/eGEOagen, timeout=120)
  ● bash(command="cd /home/hermes-2/workspace/projects/github/mverab/eGEOagen, timeout=120)
Now the styles and the terminal animation script:Now extend verify.sh:All checks pass. Committing:
Credits used: 3069.76

To resume Session:
abacusai -p --resume 109292331
