
Update available: 2.6.2 → 2.6.5 (latest). Restart to auto-update.
model: CLAUDE_V5_FABLE_THINKING | cwd: /home/hermes-2/workspace/projects/github/mverab/eGEOagents | conversation: 1579932c7e
title: E-GEO Editorial Landing
  ● bash(command="cd /home/hermes-2/workspace/projects/github/mverab/eGEOagen, timeout=120)
  ● file(path="/home/hermes-2/workspace/projects/github/mverab/eGEOagents/, command="view_raw")
  ● bash(command="cd /home/hermes-2/workspace/projects/github/mverab/eGEOagen, timeout=120)
  ● file(path="/home/hermes-2/workspace/projects/github/mverab/eGEOagents/, command="view_raw")
  ● file(path="/home/hermes-2/workspace/projects/github/mverab/eGEOagents/, command="view_raw")
  ● file(path="/home/hermes-2/workspace/projects/github/mverab/eGEOagents/, command="view_raw")
  ● file(path="/home/hermes-2/workspace/projects/github/mverab/eGEOagents/, command="view_raw")
  ● bash(command="cd /home/hermes-2/workspace/projects/github/mverab/eGEOagen, timeout=120)
  ● file(path="/home/hermes-2/workspace/projects/github/mverab/eGEOagents/, command="overwrite")
  ● file(path="/home/hermes-2/workspace/projects/github/mverab/eGEOagents/, command="view")
  ● file(path="/home/hermes-2/workspace/projects/github/mverab/eGEOagents/, command="insert")
  ● file(path="/home/hermes-2/workspace/projects/github/mverab/eGEOagents/, command="view")
  ● file(path="/home/hermes-2/workspace/projects/github/mverab/eGEOagents/, command="view")
  ● file(path="/home/hermes-2/workspace/projects/github/mverab/eGEOagents/, command="insert")
  ● file(path="/home/hermes-2/workspace/projects/github/mverab/eGEOagents/, command="view")
  ● file(path="/home/hermes-2/workspace/projects/github/mverab/eGEOagents/, command="overwrite")
  ● file(path="/home/hermes-2/workspace/projects/github/mverab/eGEOagents/, command="view")
  ● file(path="/home/hermes-2/workspace/projects/github/mverab/eGEOagents/, command="insert")
  ● file(path="/home/hermes-2/workspace/projects/github/mverab/eGEOagents/, command="view")
  ● file(path="/home/hermes-2/workspace/projects/github/mverab/eGEOagents/, command="view")
  ● file(path="/home/hermes-2/workspace/projects/github/mverab/eGEOagents/, command="str_replace")
  ● file(path="/home/hermes-2/workspace/projects/github/mverab/eGEOagents/, command="view")
  ● bash(command="export NEXT_DIST_DIR=.build && export __NEXT_TEST_MODE=1 &&, timeout=300)
  ● bash(command="cd /home/hermes-2/workspace/projects/github/mverab/eGEOagen, timeout=120)
  ● bash(command="cd /home/hermes-2/workspace/projects/github/mverab/eGEOagen, timeout=120)
  ● bash(command="cd /home/hermes-2/workspace/projects/github/mverab/eGEOagen, timeout=120)
  ● bash(command="cd /home/hermes-2/workspace/projects/github/mverab/eGEOagen, timeout=120)
  ● bash(command="cd /home/hermes-2/workspace/projects/github/mverab/eGEOagen, timeout=120)
  ● bash(command="cd /home/hermes-2/workspace/projects/github/mverab/eGEOagen, timeout=120)
I'll rebuild from zero on a new branch. Setting up first.Part 2 — sections:CSS part 2 — sections, table, chips, footer, responsive:Now extend verify.sh:Under budget (275KB total: HTML+CSS+JS+fonts). Committing:
Credits used: 2661.74

To resume Session:
abacusai -p --resume 1579932c7e
