
Update available: 2.6.2 → 2.6.5 (latest). Restart to auto-update.
model: CLAUDE_V5_FABLE_THINKING | cwd: /home/hermes-2/workspace/projects/github/mverab/eGEOagents | conversation: 123f9458c8
title: E-GEO Landing Animation Fix
  ● bash(command="cd /home/hermes-2/workspace/projects/github/mverab/eGEOagen, timeout=120)
  ● file(path="/home/hermes-2/workspace/projects/github/mverab/eGEOagents/, command="view_raw")
  ● file(path="/home/hermes-2/workspace/projects/github/mverab/eGEOagents/, command="view_raw")
  ● file(path="/home/hermes-2/workspace/projects/github/mverab/eGEOagents/, command="view_raw")
  ● bash(command="cd /home/hermes-2/workspace/projects/github/mverab/eGEOagen, timeout=120)
  ● bash(command="cd /home/hermes-2/workspace/projects/github/mverab/eGEOagen, timeout=120)
  ● bash(command="/home/hermes-2/.hermes/hermes-agent/venv/bin/python -c \"\n, timeout=120)
  ● file(path="/home/hermes-2/workspace/projects/github/mverab/eGEOagents/, command="view")
  ● file(path="/home/hermes-2/workspace/projects/github/mverab/eGEOagents/, command="str_replace")
  ● file(path="/home/hermes-2/workspace/projects/github/mverab/eGEOagents/, command="view")
  ● file(path="/home/hermes-2/workspace/projects/github/mverab/eGEOagents/, command="view")
  ● file(path="/home/hermes-2/workspace/projects/github/mverab/eGEOagents/, command="str_replace")
  ● file(path="/home/hermes-2/workspace/projects/github/mverab/eGEOagents/, command="view")
  ● file(path="/home/hermes-2/workspace/projects/github/mverab/eGEOagents/, command="view")
  ● file(path="/home/hermes-2/workspace/projects/github/mverab/eGEOagents/, command="str_replace")
  ● file(path="/home/hermes-2/workspace/projects/github/mverab/eGEOagents/, command="view")
  ● file(path="/home/hermes-2/workspace/projects/github/mverab/eGEOagents/, command="view")
  ● file(path="/home/hermes-2/workspace/projects/github/mverab/eGEOagents/, command="str_replace")
  ● file(path="/home/hermes-2/workspace/projects/github/mverab/eGEOagents/, command="view")
  ● file(path="/home/hermes-2/workspace/projects/github/mverab/eGEOagents/, command="view")
  ● file(path="/home/hermes-2/workspace/projects/github/mverab/eGEOagents/, command="str_replace")
  ● file(path="/home/hermes-2/workspace/projects/github/mverab/eGEOagents/, command="view")
  ● file(path="/home/hermes-2/workspace/projects/github/mverab/eGEOagents/, command="view")
  ● file(path="/home/hermes-2/workspace/projects/github/mverab/eGEOagents/, command="str_replace")
  ● file(path="/home/hermes-2/workspace/projects/github/mverab/eGEOagents/, command="view")
  ● file(path="/home/hermes-2/workspace/projects/github/mverab/eGEOagents/, command="view")
  ● file(path="/home/hermes-2/workspace/projects/github/mverab/eGEOagents/, command="str_replace")
  ● file(path="/home/hermes-2/workspace/projects/github/mverab/eGEOagents/, command="view")
  ● bash(command="cat >> /home/hermes-2/workspace/projects/github/mverab/eGEO, timeout=120)
  ● file(path="/home/hermes-2/workspace/projects/github/mverab/eGEOagents/, command="view")
  ● file(path="/home/hermes-2/workspace/projects/github/mverab/eGEOagents/, command="str_replace")
  ● bash(command="export NEXT_DIST_DIR=.build && export __NEXT_TEST_MODE=1 &&, timeout=180)
  ● file(path="/home/hermes-2/workspace/projects/github/mverab/eGEOagents/, command="overwrite")
  ● bash(command="cd /home/hermes-2/workspace/projects/github/mverab/eGEOagen, timeout=120)
  ● file(path="/home/hermes-2/workspace/projects/github/mverab/eGEOagents/, command="view")
  ● file(path="/home/hermes-2/workspace/projects/github/mverab/eGEOagents/, command="view")
  ● bash(command="cd /home/hermes-2/workspace/projects/github/mverab/eGEOagen, timeout=120)
  ● file(path="/home/hermes-2/workspace/projects/github/mverab/eGEOagents/, command="view")
  ● file(path="/home/hermes-2/workspace/projects/github/mverab/eGEOagents/, command="str_replace")
  ● file(path="/home/hermes-2/workspace/projects/github/mverab/eGEOagents/, command="view")
  ● file(path="/home/hermes-2/workspace/projects/github/mverab/eGEOagents/, command="view")
  ● file(path="/home/hermes-2/workspace/projects/github/mverab/eGEOagents/, command="str_replace")
  ● file(path="/home/hermes-2/workspace/projects/github/mverab/eGEOagents/, command="view")
  ● file(path="/home/hermes-2/workspace/projects/github/mverab/eGEOagents/, command="view")
  ● file(path="/home/hermes-2/workspace/projects/github/mverab/eGEOagents/, command="str_replace")
  ● file(path="/home/hermes-2/workspace/projects/github/mverab/eGEOagents/, command="view")
  ● file(path="/home/hermes-2/workspace/projects/github/mverab/eGEOagents/, command="view")
  ● file(path="/home/hermes-2/workspace/projects/github/mverab/eGEOagents/, command="str_replace")
  ● file(path="/home/hermes-2/workspace/projects/github/mverab/eGEOagents/, command="view")
  ● file(path="/home/hermes-2/workspace/projects/github/mverab/eGEOagents/, command="view")
  ● file(path="/home/hermes-2/workspace/projects/github/mverab/eGEOagents/, command="str_replace")
  ● file(path="/home/hermes-2/workspace/projects/github/mverab/eGEOagents/, command="view")
  ● bash(command="cd /home/hermes-2/workspace/projects/github/mverab/eGEOagen, timeout=120)
  ● bash(command="export NEXT_DIST_DIR=.build && export __NEXT_TEST_MODE=1 &&, timeout=180)
  ● bash(command="cd /home/hermes-2/workspace/projects/github/mverab/eGEOagen, timeout=120)
  ● file(path="/home/hermes-2/workspace/projects/github/mverab/eGEOagents/, command="view")
  ● bash(command="cd /home/hermes-2/workspace/projects/github/mverab/eGEOagen, timeout=120)
  ● file(path="/home/hermes-2/workspace/projects/github/mverab/eGEOagents/, command="view")
  ● file(path="/home/hermes-2/workspace/projects/github/mverab/eGEOagents/, command="str_replace")
  ● file(path="/home/hermes-2/workspace/projects/github/mverab/eGEOagents/, command="view")
  ● file(path="/home/hermes-2/workspace/projects/github/mverab/eGEOagents/, command="view")
  ● file(path="/home/hermes-2/workspace/projects/github/mverab/eGEOagents/, command="str_replace")
  ● file(path="/home/hermes-2/workspace/projects/github/mverab/eGEOagents/, command="view")
  ● file(path="/home/hermes-2/workspace/projects/github/mverab/eGEOagents/, command="view")
  ● file(path="/home/hermes-2/workspace/projects/github/mverab/eGEOagents/, command="str_replace")
  ● file(path="/home/hermes-2/workspace/projects/github/mverab/eGEOagents/, command="view")
  ● file(path="/home/hermes-2/workspace/projects/github/mverab/eGEOagents/, command="view")
  ● file(path="/home/hermes-2/workspace/projects/github/mverab/eGEOagents/, command="str_replace")
  ● file(path="/home/hermes-2/workspace/projects/github/mverab/eGEOagents/, command="view")
  ● file(path="/home/hermes-2/workspace/projects/github/mverab/eGEOagents/, command="view")
  ● file(path="/home/hermes-2/workspace/projects/github/mverab/eGEOagents/, command="str_replace")
  ● file(path="/home/hermes-2/workspace/projects/github/mverab/eGEOagents/, command="view")
  ● file(path="/home/hermes-2/workspace/projects/github/mverab/eGEOagents/, command="view")
  ● file(path="/home/hermes-2/workspace/projects/github/mverab/eGEOagents/, command="str_replace")
  ● file(path="/home/hermes-2/workspace/projects/github/mverab/eGEOagents/, command="view")
  ● bash(command="export NEXT_DIST_DIR=.build && export __NEXT_TEST_MODE=1 &&, timeout=180)
  ● file(path="/home/hermes-2/workspace/projects/github/mverab/eGEOagents/, command="view")
  ● bash(command="cd /home/hermes-2/workspace/projects/github/mverab/eGEOagen, timeout=120)
  ● bash(command="cd /home/hermes-2/workspace/projects/github/mverab/eGEOagen, timeout=120)
Now the CSS:Now appending the inline animation script at the end of the file:Build and verify pass. Now browser verification with Playwright:All runtime checks pass. Let me visually inspect the captured hero frames:Updating the check script to read inline styles, then rebuild and re-run everything:Now the CSS adjustments:
Credits used: 5639.92

To resume Session:
abacusai -p --resume 123f9458c8
